test script p1: read score elements
found:Clef (19) at 0
found:KeySig (20) at 0
found:TimeSig (22) at 0
found:Chord (91) at 0
  durationType:
  beamMode:0
  small:false
  stemDirection:AUTO
  duration:
found:Rest (23) at 480
found:Chord (91) at 960
  durationType:
  beamMode:0
  small:false
  stemDirection:AUTO
  duration:
found:BarLine (10) at 1920
